Archive member included because of file (symbol)

c:/winavr-20100110/bin/../lib/gcc/avr/4.3.3/avr5\libgcc.a(_mulsi3.o)
                              ./main.o (__mulsi3)
c:/winavr-20100110/bin/../lib/gcc/avr/4.3.3/avr5\libgcc.a(_udivmodqi4.o)
                              ./RTC_program.o (__udivmodqi4)
c:/winavr-20100110/bin/../lib/gcc/avr/4.3.3/avr5\libgcc.a(_udivmodhi4.o)
                              ./main.o (__udivmodhi4)
c:/winavr-20100110/bin/../lib/gcc/avr/4.3.3/avr5\libgcc.a(_divmodsi4.o)
                              ./LCD_program.o (__divmodsi4)
c:/winavr-20100110/bin/../lib/gcc/avr/4.3.3/avr5\libgcc.a(_exit.o)
                              c:/winavr-20100110/bin/../lib/gcc/avr/4.3.3/../../../../avr/lib/avr5/crtm16.o (exit)
c:/winavr-20100110/bin/../lib/gcc/avr/4.3.3/avr5\libgcc.a(_copy_data.o)
                              ./KEYPAD_program.o (__do_copy_data)
c:/winavr-20100110/bin/../lib/gcc/avr/4.3.3/avr5\libgcc.a(_clear_bss.o)
                              ./ADC_program.o (__do_clear_bss)
c:/winavr-20100110/bin/../lib/gcc/avr/4.3.3/avr5\libgcc.a(_fixunssfsi.o)
                              ./LCD_program.o (__fixunssfsi)
c:/winavr-20100110/bin/../lib/gcc/avr/4.3.3/avr5\libgcc.a(_addsub_sf.o)
                              c:/winavr-20100110/bin/../lib/gcc/avr/4.3.3/avr5\libgcc.a(_fixunssfsi.o) (__subsf3)
c:/winavr-20100110/bin/../lib/gcc/avr/4.3.3/avr5\libgcc.a(_mul_sf.o)
                              ./LCD_program.o (__mulsf3)
c:/winavr-20100110/bin/../lib/gcc/avr/4.3.3/avr5\libgcc.a(_gt_sf.o)
                              ./LCD_program.o (__gtsf2)
c:/winavr-20100110/bin/../lib/gcc/avr/4.3.3/avr5\libgcc.a(_ge_sf.o)
                              c:/winavr-20100110/bin/../lib/gcc/avr/4.3.3/avr5\libgcc.a(_fixunssfsi.o) (__gesf2)
c:/winavr-20100110/bin/../lib/gcc/avr/4.3.3/avr5\libgcc.a(_lt_sf.o)
                              ./LCD_program.o (__ltsf2)
c:/winavr-20100110/bin/../lib/gcc/avr/4.3.3/avr5\libgcc.a(_sf_to_si.o)
                              c:/winavr-20100110/bin/../lib/gcc/avr/4.3.3/avr5\libgcc.a(_fixunssfsi.o) (__fixsfsi)
c:/winavr-20100110/bin/../lib/gcc/avr/4.3.3/avr5\libgcc.a(_thenan_sf.o)
                              c:/winavr-20100110/bin/../lib/gcc/avr/4.3.3/avr5\libgcc.a(_addsub_sf.o) (__thenan_sf)
c:/winavr-20100110/bin/../lib/gcc/avr/4.3.3/avr5\libgcc.a(_usi_to_sf.o)
                              ./main.o (__floatunsisf)
c:/winavr-20100110/bin/../lib/gcc/avr/4.3.3/avr5\libgcc.a(_udivmodsi4.o)
                              c:/winavr-20100110/bin/../lib/gcc/avr/4.3.3/avr5\libgcc.a(_divmodsi4.o) (__udivmodsi4)
c:/winavr-20100110/bin/../lib/gcc/avr/4.3.3/avr5\libgcc.a(_prologue.o)
                              c:/winavr-20100110/bin/../lib/gcc/avr/4.3.3/avr5\libgcc.a(_addsub_sf.o) (__prologue_saves__)
c:/winavr-20100110/bin/../lib/gcc/avr/4.3.3/avr5\libgcc.a(_epilogue.o)
                              c:/winavr-20100110/bin/../lib/gcc/avr/4.3.3/avr5\libgcc.a(_addsub_sf.o) (__epilogue_restores__)
c:/winavr-20100110/bin/../lib/gcc/avr/4.3.3/avr5\libgcc.a(_clzsi2.o)
                              c:/winavr-20100110/bin/../lib/gcc/avr/4.3.3/avr5\libgcc.a(_usi_to_sf.o) (__clzsi2)
c:/winavr-20100110/bin/../lib/gcc/avr/4.3.3/avr5\libgcc.a(_pack_sf.o)
                              c:/winavr-20100110/bin/../lib/gcc/avr/4.3.3/avr5\libgcc.a(_addsub_sf.o) (__pack_f)
c:/winavr-20100110/bin/../lib/gcc/avr/4.3.3/avr5\libgcc.a(_unpack_sf.o)
                              c:/winavr-20100110/bin/../lib/gcc/avr/4.3.3/avr5\libgcc.a(_addsub_sf.o) (__unpack_f)
c:/winavr-20100110/bin/../lib/gcc/avr/4.3.3/avr5\libgcc.a(_fpcmp_parts_sf.o)
                              c:/winavr-20100110/bin/../lib/gcc/avr/4.3.3/avr5\libgcc.a(_gt_sf.o) (__fpcmp_parts_f)
c:/winavr-20100110/bin/../lib/gcc/avr/4.3.3/avr5\libgcc.a(_clz.o)
                              c:/winavr-20100110/bin/../lib/gcc/avr/4.3.3/avr5\libgcc.a(_clzsi2.o) (__clz_tab)

Allocating common symbols
Common symbol       size              file

ADC_u8ChannelSelected
                    0x1               ./main.o

Memory Configuration

Name             Origin             Length             Attributes
text             0x00000000         0x00020000         xr
data             0x00800060         0x0000ffa0         rw !x
eeprom           0x00810000         0x00010000         rw !x
fuse             0x00820000         0x00000400         rw !x
lock             0x00830000         0x00000400         rw !x
signature        0x00840000         0x00000400         rw !x
*default*        0x00000000         0xffffffff

Linker script and memory map

LOAD c:/winavr-20100110/bin/../lib/gcc/avr/4.3.3/../../../../avr/lib/avr5/crtm16.o
LOAD ./ADC_program.o
LOAD ./Dio_program.o
LOAD ./EXTI_program.o
LOAD ./GIE_program.o
LOAD ./KEYPAD_program.o
LOAD ./LCD_program.o
LOAD ./RTC_program.o
LOAD ./TIMER0_program.o
LOAD ./TIMER1.program.o
LOAD ./TWI_program.o
LOAD ./main.o
LOAD c:/winavr-20100110/bin/../lib/gcc/avr/4.3.3/avr5\libgcc.a
LOAD c:/winavr-20100110/bin/../lib/gcc/avr/4.3.3/../../../../avr/lib/avr5\libc.a
LOAD c:/winavr-20100110/bin/../lib/gcc/avr/4.3.3/avr5\libgcc.a

.hash
 *(.hash)

.dynsym
 *(.dynsym)

.dynstr
 *(.dynstr)

.gnu.version
 *(.gnu.version)

.gnu.version_d
 *(.gnu.version_d)

.gnu.version_r
 *(.gnu.version_r)

.rel.init
 *(.rel.init)

.rela.init
 *(.rela.init)

.rel.text
 *(.rel.text)
 *(.rel.text.*)
 *(.rel.gnu.linkonce.t*)

.rela.text
 *(.rela.text)
 *(.rela.text.*)
 *(.rela.gnu.linkonce.t*)

.rel.fini
 *(.rel.fini)

.rela.fini
 *(.rela.fini)

.rel.rodata
 *(.rel.rodata)
 *(.rel.rodata.*)
 *(.rel.gnu.linkonce.r*)

.rela.rodata
 *(.rela.rodata)
 *(.rela.rodata.*)
 *(.rela.gnu.linkonce.r*)

.rel.data
 *(.rel.data)
 *(.rel.data.*)
 *(.rel.gnu.linkonce.d*)

.rela.data
 *(.rela.data)
 *(.rela.data.*)
 *(.rela.gnu.linkonce.d*)

.rel.ctors
 *(.rel.ctors)

.rela.ctors
 *(.rela.ctors)

.rel.dtors
 *(.rel.dtors)

.rela.dtors
 *(.rela.dtors)

.rel.got
 *(.rel.got)

.rela.got
 *(.rela.got)

.rel.bss
 *(.rel.bss)

.rela.bss
 *(.rela.bss)

.rel.plt
 *(.rel.plt)

.rela.plt
 *(.rela.plt)

.text           0x00000000     0x65a6
 *(.vectors)
 .vectors       0x00000000       0x54 c:/winavr-20100110/bin/../lib/gcc/avr/4.3.3/../../../../avr/lib/avr5/crtm16.o
                0x00000000                __vectors
                0x00000000                __vector_default
 *(.vectors)
 *(.progmem.gcc*)
 *(.progmem*)
                0x00000054                . = ALIGN (0x2)
                0x00000054                __trampolines_start = .
 *(.trampolines)
 .trampolines   0x00000054        0x0 linker stubs
 *(.trampolines*)
                0x00000054                __trampolines_end = .
 *(.jumptables)
 *(.jumptables*)
 *(.lowtext)
 *(.lowtext*)
                0x00000054                __ctors_start = .
 *(.ctors)
                0x00000054                __ctors_end = .
                0x00000054                __dtors_start = .
 *(.dtors)
                0x00000054                __dtors_end = .
 SORT(*)(.ctors)
 SORT(*)(.dtors)
 *(.init0)
 .init0         0x00000054        0x0 c:/winavr-20100110/bin/../lib/gcc/avr/4.3.3/../../../../avr/lib/avr5/crtm16.o
                0x00000054                __init
 *(.init0)
 *(.init1)
 *(.init1)
 *(.init2)
 .init2         0x00000054        0xc c:/winavr-20100110/bin/../lib/gcc/avr/4.3.3/../../../../avr/lib/avr5/crtm16.o
 *(.init2)
 *(.init3)
 *(.init3)
 *(.init4)
 .init4         0x00000060       0x16 c:/winavr-20100110/bin/../lib/gcc/avr/4.3.3/avr5\libgcc.a(_copy_data.o)
                0x00000060                __do_copy_data
 .init4         0x00000076       0x10 c:/winavr-20100110/bin/../lib/gcc/avr/4.3.3/avr5\libgcc.a(_clear_bss.o)
                0x00000076                __do_clear_bss
 *(.init4)
 *(.init5)
 *(.init5)
 *(.init6)
 *(.init6)
 *(.init7)
 *(.init7)
 *(.init8)
 *(.init8)
 *(.init9)
 .init9         0x00000086        0x8 c:/winavr-20100110/bin/../lib/gcc/avr/4.3.3/../../../../avr/lib/avr5/crtm16.o
 *(.init9)
 *(.text)
 .text          0x0000008e        0x4 c:/winavr-20100110/bin/../lib/gcc/avr/4.3.3/../../../../avr/lib/avr5/crtm16.o
                0x0000008e                __vector_12
                0x0000008e                __bad_interrupt
                0x0000008e                __vector_13
                0x0000008e                __vector_17
                0x0000008e                __vector_19
                0x0000008e                __vector_5
                0x0000008e                __vector_4
                0x0000008e                __vector_15
                0x0000008e                __vector_14
                0x0000008e                __vector_18
                0x0000008e                __vector_20
 .text          0x00000092        0x0 ./ADC_program.o
 .text          0x00000092        0x0 ./Dio_program.o
 .text          0x00000092        0x0 ./EXTI_program.o
 .text          0x00000092        0x0 ./GIE_program.o
 .text          0x00000092        0x0 ./KEYPAD_program.o
 .text          0x00000092        0x0 ./LCD_program.o
 .text          0x00000092        0x0 ./RTC_program.o
 .text          0x00000092        0x0 ./TIMER0_program.o
 .text          0x00000092        0x0 ./TIMER1.program.o
 .text          0x00000092        0x0 ./TWI_program.o
 .text          0x00000092        0x0 ./main.o
 .text          0x00000092        0x0 c:/winavr-20100110/bin/../lib/gcc/avr/4.3.3/avr5\libgcc.a(_mulsi3.o)
 .text          0x00000092        0x0 c:/winavr-20100110/bin/../lib/gcc/avr/4.3.3/avr5\libgcc.a(_udivmodqi4.o)
 .text          0x00000092        0x0 c:/winavr-20100110/bin/../lib/gcc/avr/4.3.3/avr5\libgcc.a(_udivmodhi4.o)
 .text          0x00000092        0x0 c:/winavr-20100110/bin/../lib/gcc/avr/4.3.3/avr5\libgcc.a(_divmodsi4.o)
 .text          0x00000092        0x0 c:/winavr-20100110/bin/../lib/gcc/avr/4.3.3/avr5\libgcc.a(_exit.o)
 .text          0x00000092        0x0 c:/winavr-20100110/bin/../lib/gcc/avr/4.3.3/avr5\libgcc.a(_copy_data.o)
 .text          0x00000092        0x0 c:/winavr-20100110/bin/../lib/gcc/avr/4.3.3/avr5\libgcc.a(_clear_bss.o)
 .text          0x00000092       0x58 c:/winavr-20100110/bin/../lib/gcc/avr/4.3.3/avr5\libgcc.a(_fixunssfsi.o)
                0x00000092                __fixunssfsi
 .text          0x000000ea      0x354 c:/winavr-20100110/bin/../lib/gcc/avr/4.3.3/avr5\libgcc.a(_addsub_sf.o)
                0x00000382                __subsf3
                0x000003e4                __addsf3
 .text          0x0000043e      0x1f4 c:/winavr-20100110/bin/../lib/gcc/avr/4.3.3/avr5\libgcc.a(_mul_sf.o)
                0x0000043e                __mulsf3
 .text          0x00000632       0x60 c:/winavr-20100110/bin/../lib/gcc/avr/4.3.3/avr5\libgcc.a(_gt_sf.o)
                0x00000632                __gtsf2
 .text          0x00000692       0x60 c:/winavr-20100110/bin/../lib/gcc/avr/4.3.3/avr5\libgcc.a(_ge_sf.o)
                0x00000692                __gesf2
 .text          0x000006f2       0x60 c:/winavr-20100110/bin/../lib/gcc/avr/4.3.3/avr5\libgcc.a(_lt_sf.o)
                0x000006f2                __ltsf2
 .text          0x00000752       0xa8 c:/winavr-20100110/bin/../lib/gcc/avr/4.3.3/avr5\libgcc.a(_sf_to_si.o)
                0x00000752                __fixsfsi
 .text          0x000007fa        0x0 c:/winavr-20100110/bin/../lib/gcc/avr/4.3.3/avr5\libgcc.a(_thenan_sf.o)
 .text          0x000007fa       0xf2 c:/winavr-20100110/bin/../lib/gcc/avr/4.3.3/avr5\libgcc.a(_usi_to_sf.o)
                0x000007fa                __floatunsisf
 .text          0x000008ec        0x0 c:/winavr-20100110/bin/../lib/gcc/avr/4.3.3/avr5\libgcc.a(_udivmodsi4.o)
 .text          0x000008ec        0x0 c:/winavr-20100110/bin/../lib/gcc/avr/4.3.3/avr5\libgcc.a(_prologue.o)
 .text          0x000008ec        0x0 c:/winavr-20100110/bin/../lib/gcc/avr/4.3.3/avr5\libgcc.a(_epilogue.o)
 .text          0x000008ec       0x9e c:/winavr-20100110/bin/../lib/gcc/avr/4.3.3/avr5\libgcc.a(_clzsi2.o)
                0x000008ec                __clzsi2
 .text          0x0000098a      0x1aa c:/winavr-20100110/bin/../lib/gcc/avr/4.3.3/avr5\libgcc.a(_pack_sf.o)
                0x0000098a                __pack_f
 .text          0x00000b34       0xf0 c:/winavr-20100110/bin/../lib/gcc/avr/4.3.3/avr5\libgcc.a(_unpack_sf.o)
                0x00000b34                __unpack_f
 .text          0x00000c24       0xb2 c:/winavr-20100110/bin/../lib/gcc/avr/4.3.3/avr5\libgcc.a(_fpcmp_parts_sf.o)
                0x00000c24                __fpcmp_parts_f
 .text          0x00000cd6        0x0 c:/winavr-20100110/bin/../lib/gcc/avr/4.3.3/avr5\libgcc.a(_clz.o)
                0x00000cd6                . = ALIGN (0x2)
 *(.text.*)
 .text.ADC_voidInitialization
                0x00000cd6       0x8c ./ADC_program.o
                0x00000cd6                ADC_voidInitialization
 .text.ADC_u16ReadChannelSyn
                0x00000d62      0x320 ./ADC_program.o
                0x00000d62                ADC_u16ReadChannelSyn
 .text.ADC_voidReadChannelASyn
                0x00001082      0x2e2 ./ADC_program.o
                0x00001082                ADC_voidReadChannelASyn
 .text.ADC_u16ReadASynValue
                0x00001364       0x28 ./ADC_program.o
                0x00001364                ADC_u16ReadASynValue
 .text.ADC_voidSetCallBack
                0x0000138c       0x24 ./ADC_program.o
                0x0000138c                ADC_voidSetCallBack
 .text.__vector_16
                0x000013b0       0x5a ./ADC_program.o
                0x000013b0                __vector_16
 .text.DIO_voidSetPinDirection
                0x0000140a      0x210 ./Dio_program.o
                0x0000140a                DIO_voidSetPinDirection
 .text.DIO_voidSetPinValue
                0x0000161a      0x210 ./Dio_program.o
                0x0000161a                DIO_voidSetPinValue
 .text.DIO_u8GetPinValue
                0x0000182a      0x106 ./Dio_program.o
                0x0000182a                DIO_u8GetPinValue
 .text.DIO_voidSetPortDirection
                0x00001930       0x88 ./Dio_program.o
                0x00001930                DIO_voidSetPortDirection
 .text.DIO_voidSetPortValue
                0x000019b8       0x88 ./Dio_program.o
                0x000019b8                DIO_voidSetPortValue
 .text.DIO_u8GetPortValue
                0x00001a40       0x8c ./Dio_program.o
                0x00001a40                DIO_u8GetPortValue
 .text.EXTI0_voidInitialization
                0x00001acc       0x46 ./EXTI_program.o
                0x00001acc                EXTI0_voidInitialization
 .text.EXTI0_voidEnable
                0x00001b12       0x1c ./EXTI_program.o
                0x00001b12                EXTI0_voidEnable
 .text.EXTI0_voidDisable
                0x00001b2e       0x1c ./EXTI_program.o
                0x00001b2e                EXTI0_voidDisable
 .text.EXTIO_voidSetCallBack
                0x00001b4a       0x24 ./EXTI_program.o
                0x00001b4a                EXTIO_voidSetCallBack
 .text.__vector_1
                0x00001b6e       0x5a ./EXTI_program.o
                0x00001b6e                __vector_1
 .text.EXTI1_voidInitialization
                0x00001bc8       0x46 ./EXTI_program.o
                0x00001bc8                EXTI1_voidInitialization
 .text.EXTI1_voidEnable
                0x00001c0e       0x1c ./EXTI_program.o
                0x00001c0e                EXTI1_voidEnable
 .text.EXTI1_voidDisable
                0x00001c2a       0x1c ./EXTI_program.o
                0x00001c2a                EXTI1_voidDisable
 .text.EXTI1_voidSetCallBack
                0x00001c46       0x24 ./EXTI_program.o
                0x00001c46                EXTI1_voidSetCallBack
 .text.__vector_2
                0x00001c6a       0x5a ./EXTI_program.o
                0x00001c6a                __vector_2
 .text.EXTI2_voidInitialization
                0x00001cc4       0x38 ./EXTI_program.o
                0x00001cc4                EXTI2_voidInitialization
 .text.EXTI2_voidEnable
                0x00001cfc       0x1c ./EXTI_program.o
                0x00001cfc                EXTI2_voidEnable
 .text.EXTI2_voidDisable
                0x00001d18       0x1c ./EXTI_program.o
                0x00001d18                EXTI2_voidDisable
 .text.EXTI2_voidSetCallBack
                0x00001d34       0x24 ./EXTI_program.o
                0x00001d34                EXTI2_voidSetCallBack
 .text.__vector_3
                0x00001d58       0x5a ./EXTI_program.o
                0x00001d58                __vector_3
 .text.GIE_voidEnable
                0x00001db2       0x1c ./GIE_program.o
                0x00001db2                GIE_voidEnable
 .text.GIE_voidDisable
                0x00001dce       0x1c ./GIE_program.o
                0x00001dce                GIE_voidDisable
 .text.KPD_voidInitialization
                0x00001dea       0x9a ./KEYPAD_program.o
                0x00001dea                KPD_voidInitialization
 .text.KPD_u8GETPressedKey
                0x00001e84       0xc8 ./KEYPAD_program.o
                0x00001e84                KPD_u8GETPressedKey
 .text.LCD_voidInitialization4
                0x00001f4c      0x128 ./LCD_program.o
                0x00001f4c                LCD_voidInitialization4
 .text.LCD_voidWritecChar4
                0x00002074      0x456 ./LCD_program.o
                0x00002074                LCD_voidWritecChar4
 .text.LCD_voidSendCMD4
                0x000024ca      0x424 ./LCD_program.o
                0x000024ca                LCD_voidSendCMD4
 .text.LCD_voidGOTOXY
                0x000028ee       0x50 ./LCD_program.o
                0x000028ee                LCD_voidGOTOXY
 .text.LCD_voidWriteString
                0x0000293e       0x52 ./LCD_program.o
                0x0000293e                LCD_voidWriteString
 .text.LCD_voidClearDisplay
                0x00002990       0x1a ./LCD_program.o
                0x00002990                LCD_voidClearDisplay
 .text.LCD_voidWriteSpecialChar4
                0x000029aa       0x9a ./LCD_program.o
                0x000029aa                LCD_voidWriteSpecialChar4
 .text.LCD_voidWriteNumber
                0x00002a44      0x8c0 ./LCD_program.o
                0x00002a44                LCD_voidWriteNumber
 .text.RTC_voidInitialization
                0x00003304       0x2c ./RTC_program.o
                0x00003304                RTC_voidInitialization
 .text.RTC_SetDateTime
                0x00003330      0x152 ./RTC_program.o
                0x00003330                RTC_SetDateTime
 .text.RTC_GetDateTime
                0x00003482      0x1fa ./RTC_program.o
                0x00003482                RTC_GetDateTime
 .text.TIMER0_voidInitialization
                0x0000367c       0x70 ./TIMER0_program.o
                0x0000367c                TIMER0_voidInitialization
 .text.TIMER0_voidOverFlowInterruptEnable
                0x000036ec       0x1c ./TIMER0_program.o
                0x000036ec                TIMER0_voidOverFlowInterruptEnable
 .text.TIMER0_voidOverFlowInterruptDisable
                0x00003708       0x1c ./TIMER0_program.o
                0x00003708                TIMER0_voidOverFlowInterruptDisable
 .text.TIMER0_voidCompareMatchInterruptEnable
                0x00003724       0x1c ./TIMER0_program.o
                0x00003724                TIMER0_voidCompareMatchInterruptEnable
 .text.TIMER0_voidCompareMatchInterruptDisable
                0x00003740       0x1c ./TIMER0_program.o
                0x00003740                TIMER0_voidCompareMatchInterruptDisable
 .text.TIMER0_voidSetTCNT0
                0x0000375c       0x1c ./TIMER0_program.o
                0x0000375c                TIMER0_voidSetTCNT0
 .text.TIMER0_voidSetOCR0
                0x00003778       0x1c ./TIMER0_program.o
                0x00003778                TIMER0_voidSetOCR0
 .text.TIMER0_voidSetCallBackCompareMatch
                0x00003794       0x24 ./TIMER0_program.o
                0x00003794                TIMER0_voidSetCallBackCompareMatch
 .text.__vector_10
                0x000037b8       0x5a ./TIMER0_program.o
                0x000037b8                __vector_10
 .text.TIMER0_voidSetCallBackOverFlow
                0x00003812       0x24 ./TIMER0_program.o
                0x00003812                TIMER0_voidSetCallBackOverFlow
 .text.__vector_11
                0x00003836       0x5a ./TIMER0_program.o
                0x00003836                __vector_11
 .text.TIMER1_voidInitialization
                0x00003890       0xa8 ./TIMER1.program.o
                0x00003890                TIMER1_voidInitialization
 .text.TIMER1_voidOverFlowInterruptEnable
                0x00003938       0x1c ./TIMER1.program.o
                0x00003938                TIMER1_voidOverFlowInterruptEnable
 .text.TIMER1_voidOverFlowInterruptDisable
                0x00003954       0x1c ./TIMER1.program.o
                0x00003954                TIMER1_voidOverFlowInterruptDisable
 .text.TIMER1_voidCompare_B_MatchInterruptEnable
                0x00003970       0x1c ./TIMER1.program.o
                0x00003970                TIMER1_voidCompare_B_MatchInterruptEnable
 .text.TIMER1_voidCompare_B_MatchInterruptDisable
                0x0000398c       0x1c ./TIMER1.program.o
                0x0000398c                TIMER1_voidCompare_B_MatchInterruptDisable
 .text.TIMER1_voidCompare_A_MatchInterruptEnable
                0x000039a8       0x1c ./TIMER1.program.o
                0x000039a8                TIMER1_voidCompare_A_MatchInterruptEnable
 .text.TIMER1_voidCompare_A_MatchInterruptDisable
                0x000039c4       0x1c ./TIMER1.program.o
                0x000039c4                TIMER1_voidCompare_A_MatchInterruptDisable
 .text.TIMER1_void_ICU_InterruptEnable
                0x000039e0       0x1c ./TIMER1.program.o
                0x000039e0                TIMER1_void_ICU_InterruptEnable
 .text.TIMER1_void_ICU_InterruptDisable
                0x000039fc       0x1c ./TIMER1.program.o
                0x000039fc                TIMER1_void_ICU_InterruptDisable
 .text.TIMER1_voidSetTCNT1
                0x00003a18       0x24 ./TIMER1.program.o
                0x00003a18                TIMER1_voidSetTCNT1
 .text.TIMER1_voidSetOCR1A
                0x00003a3c       0x24 ./TIMER1.program.o
                0x00003a3c                TIMER1_voidSetOCR1A
 .text.TIMER1_voidSetOCR1B
                0x00003a60       0x24 ./TIMER1.program.o
                0x00003a60                TIMER1_voidSetOCR1B
 .text.TIMER1_u16SetICR1
                0x00003a84       0x24 ./TIMER1.program.o
                0x00003a84                TIMER1_u16SetICR1
 .text.TIMER1_u16ReadICR1
                0x00003aa8       0x16 ./TIMER1.program.o
                0x00003aa8                TIMER1_u16ReadICR1
 .text.TIMER1_voidSetCallBackTCNT1
                0x00003abe       0x24 ./TIMER1.program.o
                0x00003abe                TIMER1_voidSetCallBackTCNT1
 .text.__vector_9
                0x00003ae2       0x5a ./TIMER1.program.o
                0x00003ae2                __vector_9
 .text.TIMER1_voidSetCallBackOCR1A
                0x00003b3c       0x24 ./TIMER1.program.o
                0x00003b3c                TIMER1_voidSetCallBackOCR1A
 .text.__vector_7
                0x00003b60       0x5a ./TIMER1.program.o
                0x00003b60                __vector_7
 .text.TIMER1_voidSetCallBackOCR1B
                0x00003bba       0x24 ./TIMER1.program.o
                0x00003bba                TIMER1_voidSetCallBackOCR1B
 .text.__vector_8
                0x00003bde       0x5a ./TIMER1.program.o
                0x00003bde                __vector_8
 .text.TIMER1_voidSetCallBackICR1
                0x00003c38       0x24 ./TIMER1.program.o
                0x00003c38                TIMER1_voidSetCallBackICR1
 .text.__vector_6
                0x00003c5c       0x5a ./TIMER1.program.o
                0x00003c5c                __vector_6
 .text.TWI_voidMasterInitialization
                0x00003cb6       0x40 ./TWI_program.o
                0x00003cb6                TWI_voidMasterInitialization
 .text.TWI_voidSlaveInitialization
                0x00003cf6       0x2c ./TWI_program.o
                0x00003cf6                TWI_voidSlaveInitialization
 .text.TWI_SendStartCondition
                0x00003d22       0x20 ./TWI_program.o
                0x00003d22                TWI_SendStartCondition
 .text.TWI_SendRepeatedStartCondition
                0x00003d42       0x20 ./TWI_program.o
                0x00003d42                TWI_SendRepeatedStartCondition
 .text.TWI_SendSlaveAddressWithWrite
                0x00003d62       0x3c ./TWI_program.o
                0x00003d62                TWI_SendSlaveAddressWithWrite
 .text.TWI_SendSlaveAddressWithRead
                0x00003d9e       0x3c ./TWI_program.o
                0x00003d9e                TWI_SendSlaveAddressWithRead
 .text.TWI_MasterWriteDataByte
                0x00003dda       0x2e ./TWI_program.o
                0x00003dda                TWI_MasterWriteDataByte
 .text.TWI_MasterReadDataByte_ACK
                0x00003e08       0x26 ./TWI_program.o
                0x00003e08                TWI_MasterReadDataByte_ACK
 .text.TWI_MasterReadDataByte_NACK
                0x00003e2e       0x26 ./TWI_program.o
                0x00003e2e                TWI_MasterReadDataByte_NACK
 .text.TWI_SendStopCondition
                0x00003e54       0x16 ./TWI_program.o
                0x00003e54                TWI_SendStopCondition
 .text.main     0x00003e6a     0x1c52 ./main.o
                0x00003e6a                main
 .text.ADC_FUNC
                0x00005abc      0x880 ./main.o
                0x00005abc                ADC_FUNC
 .text.ArrayToInt
                0x0000633c       0xc8 ./main.o
                0x0000633c                ArrayToInt
 .text.EXTI0_FUNC
                0x00006404       0x1c ./main.o
                0x00006404                EXTI0_FUNC
 .text.EXTI1_FUNC
                0x00006420       0x1c ./main.o
                0x00006420                EXTI1_FUNC
 .text.libgcc   0x0000643c       0x3e c:/winavr-20100110/bin/../lib/gcc/avr/4.3.3/avr5\libgcc.a(_mulsi3.o)
                0x0000643c                __mulsi3
 .text.libgcc   0x0000647a       0x18 c:/winavr-20100110/bin/../lib/gcc/avr/4.3.3/avr5\libgcc.a(_udivmodqi4.o)
                0x0000647a                __udivmodqi4
 .text.libgcc   0x00006492       0x28 c:/winavr-20100110/bin/../lib/gcc/avr/4.3.3/avr5\libgcc.a(_udivmodhi4.o)
                0x00006492                __udivmodhi4
 .text.libgcc   0x000064ba       0x36 c:/winavr-20100110/bin/../lib/gcc/avr/4.3.3/avr5\libgcc.a(_divmodsi4.o)
                0x000064ba                __divmodsi4
 .text.libgcc   0x000064f0        0x0 c:/winavr-20100110/bin/../lib/gcc/avr/4.3.3/avr5\libgcc.a(_exit.o)
 .text.libgcc   0x000064f0        0x0 c:/winavr-20100110/bin/../lib/gcc/avr/4.3.3/avr5\libgcc.a(_copy_data.o)
 .text.libgcc   0x000064f0        0x0 c:/winavr-20100110/bin/../lib/gcc/avr/4.3.3/avr5\libgcc.a(_clear_bss.o)
 .text.libgcc   0x000064f0       0x44 c:/winavr-20100110/bin/../lib/gcc/avr/4.3.3/avr5\libgcc.a(_udivmodsi4.o)
                0x000064f0                __udivmodsi4
 .text.libgcc   0x00006534       0x38 c:/winavr-20100110/bin/../lib/gcc/avr/4.3.3/avr5\libgcc.a(_prologue.o)
                0x00006534                __prologue_saves__
 .text.libgcc   0x0000656c       0x36 c:/winavr-20100110/bin/../lib/gcc/avr/4.3.3/avr5\libgcc.a(_epilogue.o)
                0x0000656c                __epilogue_restores__
                0x000065a2                . = ALIGN (0x2)
 *(.fini9)
 .fini9         0x000065a2        0x0 c:/winavr-20100110/bin/../lib/gcc/avr/4.3.3/avr5\libgcc.a(_exit.o)
                0x000065a2                exit
                0x000065a2                _exit
 *(.fini9)
 *(.fini8)
 *(.fini8)
 *(.fini7)
 *(.fini7)
 *(.fini6)
 *(.fini6)
 *(.fini5)
 *(.fini5)
 *(.fini4)
 *(.fini4)
 *(.fini3)
 *(.fini3)
 *(.fini2)
 *(.fini2)
 *(.fini1)
 *(.fini1)
 *(.fini0)
 .fini0         0x000065a2        0x4 c:/winavr-20100110/bin/../lib/gcc/avr/4.3.3/avr5\libgcc.a(_exit.o)
 *(.fini0)
                0x000065a6                _etext = .

.data           0x00800060      0x336 load address 0x000065a6
                0x00800060                PROVIDE (__data_start, .)
 *(.data)
 .data          0x00800060        0x0 c:/winavr-20100110/bin/../lib/gcc/avr/4.3.3/../../../../avr/lib/avr5/crtm16.o
 .data          0x00800060        0x0 ./ADC_program.o
 .data          0x00800060        0x0 ./Dio_program.o
 .data          0x00800060        0x0 ./EXTI_program.o
 .data          0x00800060        0x0 ./GIE_program.o
 .data          0x00800060        0x0 ./KEYPAD_program.o
 .data          0x00800060        0x0 ./LCD_program.o
 .data          0x00800060        0x0 ./RTC_program.o
 .data          0x00800060        0x0 ./TIMER0_program.o
 .data          0x00800060        0x0 ./TIMER1.program.o
 .data          0x00800060        0x0 ./TWI_program.o
 .data          0x00800060      0x201 ./main.o
 .data          0x00800261        0x0 c:/winavr-20100110/bin/../lib/gcc/avr/4.3.3/avr5\libgcc.a(_mulsi3.o)
 .data          0x00800261        0x0 c:/winavr-20100110/bin/../lib/gcc/avr/4.3.3/avr5\libgcc.a(_udivmodqi4.o)
 .data          0x00800261        0x0 c:/winavr-20100110/bin/../lib/gcc/avr/4.3.3/avr5\libgcc.a(_udivmodhi4.o)
 .data          0x00800261        0x0 c:/winavr-20100110/bin/../lib/gcc/avr/4.3.3/avr5\libgcc.a(_divmodsi4.o)
 .data          0x00800261        0x0 c:/winavr-20100110/bin/../lib/gcc/avr/4.3.3/avr5\libgcc.a(_exit.o)
 .data          0x00800261        0x0 c:/winavr-20100110/bin/../lib/gcc/avr/4.3.3/avr5\libgcc.a(_copy_data.o)
 .data          0x00800261        0x0 c:/winavr-20100110/bin/../lib/gcc/avr/4.3.3/avr5\libgcc.a(_clear_bss.o)
 .data          0x00800261        0x0 c:/winavr-20100110/bin/../lib/gcc/avr/4.3.3/avr5\libgcc.a(_fixunssfsi.o)
 .data          0x00800261        0x0 c:/winavr-20100110/bin/../lib/gcc/avr/4.3.3/avr5\libgcc.a(_addsub_sf.o)
 .data          0x00800261        0x0 c:/winavr-20100110/bin/../lib/gcc/avr/4.3.3/avr5\libgcc.a(_mul_sf.o)
 .data          0x00800261        0x0 c:/winavr-20100110/bin/../lib/gcc/avr/4.3.3/avr5\libgcc.a(_gt_sf.o)
 .data          0x00800261        0x0 c:/winavr-20100110/bin/../lib/gcc/avr/4.3.3/avr5\libgcc.a(_ge_sf.o)
 .data          0x00800261        0x0 c:/winavr-20100110/bin/../lib/gcc/avr/4.3.3/avr5\libgcc.a(_lt_sf.o)
 .data          0x00800261        0x0 c:/winavr-20100110/bin/../lib/gcc/avr/4.3.3/avr5\libgcc.a(_sf_to_si.o)
 .data          0x00800261        0x8 c:/winavr-20100110/bin/../lib/gcc/avr/4.3.3/avr5\libgcc.a(_thenan_sf.o)
                0x00800261                __thenan_sf
 .data          0x00800269        0x0 c:/winavr-20100110/bin/../lib/gcc/avr/4.3.3/avr5\libgcc.a(_usi_to_sf.o)
 .data          0x00800269        0x0 c:/winavr-20100110/bin/../lib/gcc/avr/4.3.3/avr5\libgcc.a(_udivmodsi4.o)
 .data          0x00800269        0x0 c:/winavr-20100110/bin/../lib/gcc/avr/4.3.3/avr5\libgcc.a(_prologue.o)
 .data          0x00800269        0x0 c:/winavr-20100110/bin/../lib/gcc/avr/4.3.3/avr5\libgcc.a(_epilogue.o)
 .data          0x00800269        0x0 c:/winavr-20100110/bin/../lib/gcc/avr/4.3.3/avr5\libgcc.a(_clzsi2.o)
 .data          0x00800269        0x0 c:/winavr-20100110/bin/../lib/gcc/avr/4.3.3/avr5\libgcc.a(_pack_sf.o)
 .data          0x00800269        0x0 c:/winavr-20100110/bin/../lib/gcc/avr/4.3.3/avr5\libgcc.a(_unpack_sf.o)
 .data          0x00800269        0x0 c:/winavr-20100110/bin/../lib/gcc/avr/4.3.3/avr5\libgcc.a(_fpcmp_parts_sf.o)
 .data          0x00800269      0x100 c:/winavr-20100110/bin/../lib/gcc/avr/4.3.3/avr5\libgcc.a(_clz.o)
                0x00800269                __clz_tab
 *(.data*)
 .data.Local_u8KeypadRowArr.1244
                0x00800369        0x4 ./KEYPAD_program.o
 .data.Local_u8KeypadColArr.1243
                0x0080036d        0x3 ./KEYPAD_program.o
 .data.Local_u8KeypadArr.1242
                0x00800370        0xc ./KEYPAD_program.o
 .data.cursor   0x0080037c        0x1 ./LCD_program.o
 *(.rodata)
 *(.rodata*)
 .rodata.C.2.1540
                0x0080037d        0x8 ./main.o
 .rodata.C.1.1539
                0x00800385        0x8 ./main.o
 .rodata.C.0.1538
                0x0080038d        0x8 ./main.o
 *(.gnu.linkonce.d*)
                0x00800396                . = ALIGN (0x2)
 *fill*         0x00800395        0x1 00
                0x00800396                _edata = .
                0x00800396                PROVIDE (__data_end, .)

.bss            0x00800396       0x34
                0x00800396                PROVIDE (__bss_start, .)
 *(.bss)
 .bss           0x00800396        0x0 c:/winavr-20100110/bin/../lib/gcc/avr/4.3.3/../../../../avr/lib/avr5/crtm16.o
 .bss           0x00800396        0x0 ./ADC_program.o
 .bss           0x00800396        0x0 ./Dio_program.o
 .bss           0x00800396        0x0 ./EXTI_program.o
 .bss           0x00800396        0x0 ./GIE_program.o
 .bss           0x00800396        0x0 ./KEYPAD_program.o
 .bss           0x00800396        0x0 ./LCD_program.o
 .bss           0x00800396        0x0 ./RTC_program.o
 .bss           0x00800396        0x0 ./TIMER0_program.o
 .bss           0x00800396        0x0 ./TIMER1.program.o
 .bss           0x00800396        0x0 ./TWI_program.o
 .bss           0x00800396        0x0 ./main.o
 .bss           0x00800396        0x0 c:/winavr-20100110/bin/../lib/gcc/avr/4.3.3/avr5\libgcc.a(_mulsi3.o)
 .bss           0x00800396        0x0 c:/winavr-20100110/bin/../lib/gcc/avr/4.3.3/avr5\libgcc.a(_udivmodqi4.o)
 .bss           0x00800396        0x0 c:/winavr-20100110/bin/../lib/gcc/avr/4.3.3/avr5\libgcc.a(_udivmodhi4.o)
 .bss           0x00800396        0x0 c:/winavr-20100110/bin/../lib/gcc/avr/4.3.3/avr5\libgcc.a(_divmodsi4.o)
 .bss           0x00800396        0x0 c:/winavr-20100110/bin/../lib/gcc/avr/4.3.3/avr5\libgcc.a(_exit.o)
 .bss           0x00800396        0x0 c:/winavr-20100110/bin/../lib/gcc/avr/4.3.3/avr5\libgcc.a(_copy_data.o)
 .bss           0x00800396        0x0 c:/winavr-20100110/bin/../lib/gcc/avr/4.3.3/avr5\libgcc.a(_clear_bss.o)
 .bss           0x00800396        0x0 c:/winavr-20100110/bin/../lib/gcc/avr/4.3.3/avr5\libgcc.a(_fixunssfsi.o)
 .bss           0x00800396        0x0 c:/winavr-20100110/bin/../lib/gcc/avr/4.3.3/avr5\libgcc.a(_addsub_sf.o)
 .bss           0x00800396        0x0 c:/winavr-20100110/bin/../lib/gcc/avr/4.3.3/avr5\libgcc.a(_mul_sf.o)
 .bss           0x00800396        0x0 c:/winavr-20100110/bin/../lib/gcc/avr/4.3.3/avr5\libgcc.a(_gt_sf.o)
 .bss           0x00800396        0x0 c:/winavr-20100110/bin/../lib/gcc/avr/4.3.3/avr5\libgcc.a(_ge_sf.o)
 .bss           0x00800396        0x0 c:/winavr-20100110/bin/../lib/gcc/avr/4.3.3/avr5\libgcc.a(_lt_sf.o)
 .bss           0x00800396        0x0 c:/winavr-20100110/bin/../lib/gcc/avr/4.3.3/avr5\libgcc.a(_sf_to_si.o)
 .bss           0x00800396        0x0 c:/winavr-20100110/bin/../lib/gcc/avr/4.3.3/avr5\libgcc.a(_thenan_sf.o)
 .bss           0x00800396        0x0 c:/winavr-20100110/bin/../lib/gcc/avr/4.3.3/avr5\libgcc.a(_usi_to_sf.o)
 .bss           0x00800396        0x0 c:/winavr-20100110/bin/../lib/gcc/avr/4.3.3/avr5\libgcc.a(_udivmodsi4.o)
 .bss           0x00800396        0x0 c:/winavr-20100110/bin/../lib/gcc/avr/4.3.3/avr5\libgcc.a(_prologue.o)
 .bss           0x00800396        0x0 c:/winavr-20100110/bin/../lib/gcc/avr/4.3.3/avr5\libgcc.a(_epilogue.o)
 .bss           0x00800396        0x0 c:/winavr-20100110/bin/../lib/gcc/avr/4.3.3/avr5\libgcc.a(_clzsi2.o)
 .bss           0x00800396        0x0 c:/winavr-20100110/bin/../lib/gcc/avr/4.3.3/avr5\libgcc.a(_pack_sf.o)
 .bss           0x00800396        0x0 c:/winavr-20100110/bin/../lib/gcc/avr/4.3.3/avr5\libgcc.a(_unpack_sf.o)
 .bss           0x00800396        0x0 c:/winavr-20100110/bin/../lib/gcc/avr/4.3.3/avr5\libgcc.a(_fpcmp_parts_sf.o)
 .bss           0x00800396        0x0 c:/winavr-20100110/bin/../lib/gcc/avr/4.3.3/avr5\libgcc.a(_clz.o)
 *(.bss*)
 .bss.ADC_PfCallBack
                0x00800396        0x2 ./ADC_program.o
                0x00800396                ADC_PfCallBack
 .bss.EXTI0_PfCallBack
                0x00800398        0x2 ./EXTI_program.o
                0x00800398                EXTI0_PfCallBack
 .bss.EXTI1_PfCallBack
                0x0080039a        0x2 ./EXTI_program.o
                0x0080039a                EXTI1_PfCallBack
 .bss.EXTI2_PfCallBack
                0x0080039c        0x2 ./EXTI_program.o
                0x0080039c                EXTI2_PfCallBack
 .bss.TIMER0_CompareMatchCallBack_PF
                0x0080039e        0x2 ./TIMER0_program.o
                0x0080039e                TIMER0_CompareMatchCallBack_PF
 .bss.TIMER0_OverFlowCallBack_PF
                0x008003a0        0x2 ./TIMER0_program.o
                0x008003a0                TIMER0_OverFlowCallBack_PF
 .bss.TIMER1_TCNT1CallBack_PF
                0x008003a2        0x2 ./TIMER1.program.o
                0x008003a2                TIMER1_TCNT1CallBack_PF
 .bss.TIMER1_OCR1ACallBack_PF
                0x008003a4        0x2 ./TIMER1.program.o
                0x008003a4                TIMER1_OCR1ACallBack_PF
 .bss.TIMER1_OCR1BCallBack_PF
                0x008003a6        0x2 ./TIMER1.program.o
                0x008003a6                TIMER1_OCR1BCallBack_PF
 .bss.TIMER1_ICR1CallBack_PF
                0x008003a8        0x2 ./TIMER1.program.o
                0x008003a8                TIMER1_ICR1CallBack_PF
 .bss.TEMPERATURE_u16DigitalVoltage
                0x008003aa        0x2 ./main.o
 .bss.TEMPERATURE_u16OldDigitalVoltage
                0x008003ac        0x2 ./main.o
 .bss.TEMPERATURE_u16AnalogVoltagemv
                0x008003ae        0x2 ./main.o
 .bss.TEMPERATURE_u16Temp
                0x008003b0        0x2 ./main.o
 .bss.TEMPERATURE_u8Flag1
                0x008003b2        0x1 ./main.o
 .bss.TEMPERATURE_u8Flag2
                0x008003b3        0x1 ./main.o
 .bss.TEMPERATURE_u8Flag3
                0x008003b4        0x1 ./main.o
 .bss.TEMPERATURE_u8Flag4
                0x008003b5        0x1 ./main.o
 .bss.TEMPERATURE_u8Flag5
                0x008003b6        0x1 ./main.o
 .bss.LDR_u16DigitalVoltage
                0x008003b7        0x2 ./main.o
 .bss.LDR_u16OldDigitalVoltage
                0x008003b9        0x2 ./main.o
 .bss.LDR_u16AnalogVoltagemv
                0x008003bb        0x2 ./main.o
 .bss.LDR_u8Flag1
                0x008003bd        0x1 ./main.o
 .bss.LDR_u8Flag2
                0x008003be        0x1 ./main.o
 .bss.LDR_u8Flag3
                0x008003bf        0x1 ./main.o
 .bss.LDR_u8Flag4
                0x008003c0        0x1 ./main.o
 .bss.END_u8Flag
                0x008003c1        0x1 ./main.o
 .bss.Global_u8Control
                0x008003c2        0x1 ./main.o
                0x008003c2                Global_u8Control
 .bss.RTC_u8Flag.1519
                0x008003c3        0x1 ./main.o
 .bss.TEMPERATURE_u8Flag0.1518
                0x008003c4        0x1 ./main.o
 .bss.PIR_u8Flag2.1517
                0x008003c5        0x1 ./main.o
 .bss.PIR_u8Flag1.1516
                0x008003c6        0x1 ./main.o
 .bss.GAS_Flag2.1515
                0x008003c7        0x1 ./main.o
 .bss.GAS_Flag1.1514
                0x008003c8        0x1 ./main.o
 *(COMMON)
 COMMON         0x008003c9        0x1 ./main.o
                0x008003c9                ADC_u8ChannelSelected
                0x008003ca                PROVIDE (__bss_end, .)
                0x000065a6                __data_load_start = LOADADDR (.data)
                0x000068dc                __data_load_end = (__data_load_start + SIZEOF (.data))

.noinit         0x008003ca        0x0
                0x008003ca                PROVIDE (__noinit_start, .)
 *(.noinit*)
                0x008003ca                PROVIDE (__noinit_end, .)
                0x008003ca                _end = .
                0x008003ca                PROVIDE (__heap_start, .)

.eeprom         0x00810000        0x0
 *(.eeprom*)
                0x00810000                __eeprom_end = .

.fuse
 *(.fuse)
 *(.lfuse)
 *(.hfuse)
 *(.efuse)

.lock
 *(.lock*)

.signature
 *(.signature*)

.stab           0x00000000     0x5b80
 *(.stab)
 .stab          0x00000000      0x7bc ./ADC_program.o
 .stab          0x000007bc      0x5a0 ./Dio_program.o
                                0x618 (size before relaxing)
 .stab          0x00000d5c      0x45c ./EXTI_program.o
                                0x4d4 (size before relaxing)
 .stab          0x000011b8      0x144 ./GIE_program.o
                                0x1bc (size before relaxing)
 .stab          0x000012fc      0x354 ./KEYPAD_program.o
                                0x3cc (size before relaxing)
 .stab          0x00001650     0x10b0 ./LCD_program.o
                               0x1194 (size before relaxing)
 .stab          0x00002700      0x384 ./RTC_program.o
                                0x3fc (size before relaxing)
 .stab          0x00002a84      0x384 ./TIMER0_program.o
                                0x3fc (size before relaxing)
 .stab          0x00002e08      0x60c ./TIMER1.program.o
                                0x684 (size before relaxing)
 .stab          0x00003414      0x3fc ./TWI_program.o
                                0x624 (size before relaxing)
 .stab          0x00003810     0x2370 ./main.o
                               0x2634 (size before relaxing)

.stabstr        0x00000000     0x1de3
 *(.stabstr)
 .stabstr       0x00000000     0x1de3 ./ADC_program.o

.stab.excl
 *(.stab.excl)

.stab.exclstr
 *(.stab.exclstr)

.stab.index
 *(.stab.index)

.stab.indexstr
 *(.stab.indexstr)

.comment
 *(.comment)

.debug
 *(.debug)

.line
 *(.line)

.debug_srcinfo
 *(.debug_srcinfo)

.debug_sfnames
 *(.debug_sfnames)

.debug_aranges  0x00000000      0x180
 *(.debug_aranges)
 .debug_aranges
                0x00000000       0x20 c:/winavr-20100110/bin/../lib/gcc/avr/4.3.3/avr5\libgcc.a(_fixunssfsi.o)
 .debug_aranges
                0x00000020       0x20 c:/winavr-20100110/bin/../lib/gcc/avr/4.3.3/avr5\libgcc.a(_addsub_sf.o)
 .debug_aranges
                0x00000040       0x20 c:/winavr-20100110/bin/../lib/gcc/avr/4.3.3/avr5\libgcc.a(_mul_sf.o)
 .debug_aranges
                0x00000060       0x20 c:/winavr-20100110/bin/../lib/gcc/avr/4.3.3/avr5\libgcc.a(_gt_sf.o)
 .debug_aranges
                0x00000080       0x20 c:/winavr-20100110/bin/../lib/gcc/avr/4.3.3/avr5\libgcc.a(_ge_sf.o)
 .debug_aranges
                0x000000a0       0x20 c:/winavr-20100110/bin/../lib/gcc/avr/4.3.3/avr5\libgcc.a(_lt_sf.o)
 .debug_aranges
                0x000000c0       0x20 c:/winavr-20100110/bin/../lib/gcc/avr/4.3.3/avr5\libgcc.a(_sf_to_si.o)
 .debug_aranges
                0x000000e0       0x20 c:/winavr-20100110/bin/../lib/gcc/avr/4.3.3/avr5\libgcc.a(_usi_to_sf.o)
 .debug_aranges
                0x00000100       0x20 c:/winavr-20100110/bin/../lib/gcc/avr/4.3.3/avr5\libgcc.a(_clzsi2.o)
 .debug_aranges
                0x00000120       0x20 c:/winavr-20100110/bin/../lib/gcc/avr/4.3.3/avr5\libgcc.a(_pack_sf.o)
 .debug_aranges
                0x00000140       0x20 c:/winavr-20100110/bin/../lib/gcc/avr/4.3.3/avr5\libgcc.a(_unpack_sf.o)
 .debug_aranges
                0x00000160       0x20 c:/winavr-20100110/bin/../lib/gcc/avr/4.3.3/avr5\libgcc.a(_fpcmp_parts_sf.o)

.debug_pubnames
                0x00000000      0x1d3
 *(.debug_pubnames)
 .debug_pubnames
                0x00000000       0x23 c:/winavr-20100110/bin/../lib/gcc/avr/4.3.3/avr5\libgcc.a(_fixunssfsi.o)
 .debug_pubnames
                0x00000023       0x2c c:/winavr-20100110/bin/../lib/gcc/avr/4.3.3/avr5\libgcc.a(_addsub_sf.o)
 .debug_pubnames
                0x0000004f       0x1f c:/winavr-20100110/bin/../lib/gcc/avr/4.3.3/avr5\libgcc.a(_mul_sf.o)
 .debug_pubnames
                0x0000006e       0x1e c:/winavr-20100110/bin/../lib/gcc/avr/4.3.3/avr5\libgcc.a(_gt_sf.o)
 .debug_pubnames
                0x0000008c       0x1e c:/winavr-20100110/bin/../lib/gcc/avr/4.3.3/avr5\libgcc.a(_ge_sf.o)
 .debug_pubnames
                0x000000aa       0x1e c:/winavr-20100110/bin/../lib/gcc/avr/4.3.3/avr5\libgcc.a(_lt_sf.o)
 .debug_pubnames
                0x000000c8       0x20 c:/winavr-20100110/bin/../lib/gcc/avr/4.3.3/avr5\libgcc.a(_sf_to_si.o)
 .debug_pubnames
                0x000000e8       0x22 c:/winavr-20100110/bin/../lib/gcc/avr/4.3.3/avr5\libgcc.a(_thenan_sf.o)
 .debug_pubnames
                0x0000010a       0x24 c:/winavr-20100110/bin/../lib/gcc/avr/4.3.3/avr5\libgcc.a(_usi_to_sf.o)
 .debug_pubnames
                0x0000012e       0x1f c:/winavr-20100110/bin/../lib/gcc/avr/4.3.3/avr5\libgcc.a(_clzsi2.o)
 .debug_pubnames
                0x0000014d       0x1f c:/winavr-20100110/bin/../lib/gcc/avr/4.3.3/avr5\libgcc.a(_pack_sf.o)
 .debug_pubnames
                0x0000016c       0x21 c:/winavr-20100110/bin/../lib/gcc/avr/4.3.3/avr5\libgcc.a(_unpack_sf.o)
 .debug_pubnames
                0x0000018d       0x26 c:/winavr-20100110/bin/../lib/gcc/avr/4.3.3/avr5\libgcc.a(_fpcmp_parts_sf.o)
 .debug_pubnames
                0x000001b3       0x20 c:/winavr-20100110/bin/../lib/gcc/avr/4.3.3/avr5\libgcc.a(_clz.o)

.debug_info     0x00000000     0x200f
 *(.debug_info)
 .debug_info    0x00000000       0xb1 c:/winavr-20100110/bin/../lib/gcc/avr/4.3.3/avr5\libgcc.a(_fixunssfsi.o)
 .debug_info    0x000000b1      0x47a c:/winavr-20100110/bin/../lib/gcc/avr/4.3.3/avr5\libgcc.a(_addsub_sf.o)
 .debug_info    0x0000052b      0x485 c:/winavr-20100110/bin/../lib/gcc/avr/4.3.3/avr5\libgcc.a(_mul_sf.o)
 .debug_info    0x000009b0      0x27f c:/winavr-20100110/bin/../lib/gcc/avr/4.3.3/avr5\libgcc.a(_gt_sf.o)
 .debug_info    0x00000c2f      0x27f c:/winavr-20100110/bin/../lib/gcc/avr/4.3.3/avr5\libgcc.a(_ge_sf.o)
 .debug_info    0x00000eae      0x27f c:/winavr-20100110/bin/../lib/gcc/avr/4.3.3/avr5\libgcc.a(_lt_sf.o)
 .debug_info    0x0000112d      0x2b0 c:/winavr-20100110/bin/../lib/gcc/avr/4.3.3/avr5\libgcc.a(_sf_to_si.o)
 .debug_info    0x000013dd      0x12c c:/winavr-20100110/bin/../lib/gcc/avr/4.3.3/avr5\libgcc.a(_thenan_sf.o)
 .debug_info    0x00001509      0x206 c:/winavr-20100110/bin/../lib/gcc/avr/4.3.3/avr5\libgcc.a(_usi_to_sf.o)
 .debug_info    0x0000170f      0x117 c:/winavr-20100110/bin/../lib/gcc/avr/4.3.3/avr5\libgcc.a(_clzsi2.o)
 .debug_info    0x00001826      0x2df c:/winavr-20100110/bin/../lib/gcc/avr/4.3.3/avr5\libgcc.a(_pack_sf.o)
 .debug_info    0x00001b05      0x251 c:/winavr-20100110/bin/../lib/gcc/avr/4.3.3/avr5\libgcc.a(_unpack_sf.o)
 .debug_info    0x00001d56      0x210 c:/winavr-20100110/bin/../lib/gcc/avr/4.3.3/avr5\libgcc.a(_fpcmp_parts_sf.o)
 .debug_info    0x00001f66       0xa9 c:/winavr-20100110/bin/../lib/gcc/avr/4.3.3/avr5\libgcc.a(_clz.o)
 *(.gnu.linkonce.wi.*)

.debug_abbrev   0x00000000     0x1170
 *(.debug_abbrev)
 .debug_abbrev  0x00000000       0x5d c:/winavr-20100110/bin/../lib/gcc/avr/4.3.3/avr5\libgcc.a(_fixunssfsi.o)
 .debug_abbrev  0x0000005d      0x1ea c:/winavr-20100110/bin/../lib/gcc/avr/4.3.3/avr5\libgcc.a(_addsub_sf.o)
 .debug_abbrev  0x00000247      0x21b c:/winavr-20100110/bin/../lib/gcc/avr/4.3.3/avr5\libgcc.a(_mul_sf.o)
 .debug_abbrev  0x00000462      0x15a c:/winavr-20100110/bin/../lib/gcc/avr/4.3.3/avr5\libgcc.a(_gt_sf.o)
 .debug_abbrev  0x000005bc      0x15a c:/winavr-20100110/bin/../lib/gcc/avr/4.3.3/avr5\libgcc.a(_ge_sf.o)
 .debug_abbrev  0x00000716      0x15a c:/winavr-20100110/bin/../lib/gcc/avr/4.3.3/avr5\libgcc.a(_lt_sf.o)
 .debug_abbrev  0x00000870      0x17f c:/winavr-20100110/bin/../lib/gcc/avr/4.3.3/avr5\libgcc.a(_sf_to_si.o)
 .debug_abbrev  0x000009ef       0xad c:/winavr-20100110/bin/../lib/gcc/avr/4.3.3/avr5\libgcc.a(_thenan_sf.o)
 .debug_abbrev  0x00000a9c      0x157 c:/winavr-20100110/bin/../lib/gcc/avr/4.3.3/avr5\libgcc.a(_usi_to_sf.o)
 .debug_abbrev  0x00000bf3       0xc4 c:/winavr-20100110/bin/../lib/gcc/avr/4.3.3/avr5\libgcc.a(_clzsi2.o)
 .debug_abbrev  0x00000cb7      0x1c0 c:/winavr-20100110/bin/../lib/gcc/avr/4.3.3/avr5\libgcc.a(_pack_sf.o)
 .debug_abbrev  0x00000e77      0x154 c:/winavr-20100110/bin/../lib/gcc/avr/4.3.3/avr5\libgcc.a(_unpack_sf.o)
 .debug_abbrev  0x00000fcb      0x13b c:/winavr-20100110/bin/../lib/gcc/avr/4.3.3/avr5\libgcc.a(_fpcmp_parts_sf.o)
 .debug_abbrev  0x00001106       0x6a c:/winavr-20100110/bin/../lib/gcc/avr/4.3.3/avr5\libgcc.a(_clz.o)

.debug_line     0x00000000     0x1001
 *(.debug_line)
 .debug_line    0x00000000       0xa7 c:/winavr-20100110/bin/../lib/gcc/avr/4.3.3/avr5\libgcc.a(_fixunssfsi.o)
 .debug_line    0x000000a7      0x2af c:/winavr-20100110/bin/../lib/gcc/avr/4.3.3/avr5\libgcc.a(_addsub_sf.o)
 .debug_line    0x00000356      0x239 c:/winavr-20100110/bin/../lib/gcc/avr/4.3.3/avr5\libgcc.a(_mul_sf.o)
 .debug_line    0x0000058f       0xd3 c:/winavr-20100110/bin/../lib/gcc/avr/4.3.3/avr5\libgcc.a(_gt_sf.o)
 .debug_line    0x00000662       0xd3 c:/winavr-20100110/bin/../lib/gcc/avr/4.3.3/avr5\libgcc.a(_ge_sf.o)
 .debug_line    0x00000735       0xd3 c:/winavr-20100110/bin/../lib/gcc/avr/4.3.3/avr5\libgcc.a(_lt_sf.o)
 .debug_line    0x00000808      0x109 c:/winavr-20100110/bin/../lib/gcc/avr/4.3.3/avr5\libgcc.a(_sf_to_si.o)
 .debug_line    0x00000911       0x90 c:/winavr-20100110/bin/../lib/gcc/avr/4.3.3/avr5\libgcc.a(_thenan_sf.o)
 .debug_line    0x000009a1      0x133 c:/winavr-20100110/bin/../lib/gcc/avr/4.3.3/avr5\libgcc.a(_usi_to_sf.o)
 .debug_line    0x00000ad4       0xa5 c:/winavr-20100110/bin/../lib/gcc/avr/4.3.3/avr5\libgcc.a(_clzsi2.o)
 .debug_line    0x00000b79      0x18a c:/winavr-20100110/bin/../lib/gcc/avr/4.3.3/avr5\libgcc.a(_pack_sf.o)
 .debug_line    0x00000d03      0x14b c:/winavr-20100110/bin/../lib/gcc/avr/4.3.3/avr5\libgcc.a(_unpack_sf.o)
 .debug_line    0x00000e4e      0x137 c:/winavr-20100110/bin/../lib/gcc/avr/4.3.3/avr5\libgcc.a(_fpcmp_parts_sf.o)
 .debug_line    0x00000f85       0x7c c:/winavr-20100110/bin/../lib/gcc/avr/4.3.3/avr5\libgcc.a(_clz.o)

.debug_frame    0x00000000      0x1a0
 *(.debug_frame)
 .debug_frame   0x00000000       0x20 c:/winavr-20100110/bin/../lib/gcc/avr/4.3.3/avr5\libgcc.a(_fixunssfsi.o)
 .debug_frame   0x00000020       0x40 c:/winavr-20100110/bin/../lib/gcc/avr/4.3.3/avr5\libgcc.a(_addsub_sf.o)
 .debug_frame   0x00000060       0x20 c:/winavr-20100110/bin/../lib/gcc/avr/4.3.3/avr5\libgcc.a(_mul_sf.o)
 .debug_frame   0x00000080       0x20 c:/winavr-20100110/bin/../lib/gcc/avr/4.3.3/avr5\libgcc.a(_gt_sf.o)
 .debug_frame   0x000000a0       0x20 c:/winavr-20100110/bin/../lib/gcc/avr/4.3.3/avr5\libgcc.a(_ge_sf.o)
 .debug_frame   0x000000c0       0x20 c:/winavr-20100110/bin/../lib/gcc/avr/4.3.3/avr5\libgcc.a(_lt_sf.o)
 .debug_frame   0x000000e0       0x20 c:/winavr-20100110/bin/../lib/gcc/avr/4.3.3/avr5\libgcc.a(_sf_to_si.o)
 .debug_frame   0x00000100       0x20 c:/winavr-20100110/bin/../lib/gcc/avr/4.3.3/avr5\libgcc.a(_usi_to_sf.o)
 .debug_frame   0x00000120       0x20 c:/winavr-20100110/bin/../lib/gcc/avr/4.3.3/avr5\libgcc.a(_clzsi2.o)
 .debug_frame   0x00000140       0x20 c:/winavr-20100110/bin/../lib/gcc/avr/4.3.3/avr5\libgcc.a(_pack_sf.o)
 .debug_frame   0x00000160       0x20 c:/winavr-20100110/bin/../lib/gcc/avr/4.3.3/avr5\libgcc.a(_unpack_sf.o)
 .debug_frame   0x00000180       0x20 c:/winavr-20100110/bin/../lib/gcc/avr/4.3.3/avr5\libgcc.a(_fpcmp_parts_sf.o)

.debug_str      0x00000000      0x2c1
 *(.debug_str)
 .debug_str     0x00000000       0xbf c:/winavr-20100110/bin/../lib/gcc/avr/4.3.3/avr5\libgcc.a(_fixunssfsi.o)
                                 0xfe (size before relaxing)
 .debug_str     0x000000bf      0x14d c:/winavr-20100110/bin/../lib/gcc/avr/4.3.3/avr5\libgcc.a(_addsub_sf.o)
                                0x206 (size before relaxing)
 .debug_str     0x0000020c       0x27 c:/winavr-20100110/bin/../lib/gcc/avr/4.3.3/avr5\libgcc.a(_mul_sf.o)
                                0x1bf (size before relaxing)
 .debug_str     0x00000233        0x8 c:/winavr-20100110/bin/../lib/gcc/avr/4.3.3/avr5\libgcc.a(_gt_sf.o)
                                0x195 (size before relaxing)
 .debug_str     0x0000023b        0x8 c:/winavr-20100110/bin/../lib/gcc/avr/4.3.3/avr5\libgcc.a(_ge_sf.o)
                                0x195 (size before relaxing)
 .debug_str     0x00000243        0x8 c:/winavr-20100110/bin/../lib/gcc/avr/4.3.3/avr5\libgcc.a(_lt_sf.o)
                                0x195 (size before relaxing)
 .debug_str     0x0000024b        0xa c:/winavr-20100110/bin/../lib/gcc/avr/4.3.3/avr5\libgcc.a(_sf_to_si.o)
                                0x19e (size before relaxing)
 .debug_str     0x00000000      0x103 c:/winavr-20100110/bin/../lib/gcc/avr/4.3.3/avr5\libgcc.a(_thenan_sf.o)
 .debug_str     0x00000255       0x21 c:/winavr-20100110/bin/../lib/gcc/avr/4.3.3/avr5\libgcc.a(_usi_to_sf.o)
                                0x177 (size before relaxing)
 .debug_str     0x00000276       0x20 c:/winavr-20100110/bin/../lib/gcc/avr/4.3.3/avr5\libgcc.a(_clzsi2.o)
                                0x111 (size before relaxing)
 .debug_str     0x00000296       0x10 c:/winavr-20100110/bin/../lib/gcc/avr/4.3.3/avr5\libgcc.a(_pack_sf.o)
                                0x19d (size before relaxing)
 .debug_str     0x000002a6        0xb c:/winavr-20100110/bin/../lib/gcc/avr/4.3.3/avr5\libgcc.a(_unpack_sf.o)
                                0x17f (size before relaxing)
 .debug_str     0x000002b1       0x10 c:/winavr-20100110/bin/../lib/gcc/avr/4.3.3/avr5\libgcc.a(_fpcmp_parts_sf.o)
                                0x163 (size before relaxing)
 .debug_str     0x00000000       0xf4 c:/winavr-20100110/bin/../lib/gcc/avr/4.3.3/avr5\libgcc.a(_clz.o)

.debug_loc      0x00000000      0x8ae
 *(.debug_loc)
 .debug_loc     0x00000000       0x34 c:/winavr-20100110/bin/../lib/gcc/avr/4.3.3/avr5\libgcc.a(_fixunssfsi.o)
 .debug_loc     0x00000034      0x32a c:/winavr-20100110/bin/../lib/gcc/avr/4.3.3/avr5\libgcc.a(_addsub_sf.o)
 .debug_loc     0x0000035e      0x104 c:/winavr-20100110/bin/../lib/gcc/avr/4.3.3/avr5\libgcc.a(_mul_sf.o)
 .debug_loc     0x00000462       0x3c c:/winavr-20100110/bin/../lib/gcc/avr/4.3.3/avr5\libgcc.a(_gt_sf.o)
 .debug_loc     0x0000049e       0x3c c:/winavr-20100110/bin/../lib/gcc/avr/4.3.3/avr5\libgcc.a(_ge_sf.o)
 .debug_loc     0x000004da       0x3c c:/winavr-20100110/bin/../lib/gcc/avr/4.3.3/avr5\libgcc.a(_lt_sf.o)
 .debug_loc     0x00000516       0x7e c:/winavr-20100110/bin/../lib/gcc/avr/4.3.3/avr5\libgcc.a(_sf_to_si.o)
 .debug_loc     0x00000594       0x4c c:/winavr-20100110/bin/../lib/gcc/avr/4.3.3/avr5\libgcc.a(_usi_to_sf.o)
 .debug_loc     0x000005e0       0x94 c:/winavr-20100110/bin/../lib/gcc/avr/4.3.3/avr5\libgcc.a(_clzsi2.o)
 .debug_loc     0x00000674      0x13e c:/winavr-20100110/bin/../lib/gcc/avr/4.3.3/avr5\libgcc.a(_pack_sf.o)
 .debug_loc     0x000007b2       0xac c:/winavr-20100110/bin/../lib/gcc/avr/4.3.3/avr5\libgcc.a(_unpack_sf.o)
 .debug_loc     0x0000085e       0x50 c:/winavr-20100110/bin/../lib/gcc/avr/4.3.3/avr5\libgcc.a(_fpcmp_parts_sf.o)

.debug_macinfo
 *(.debug_macinfo)
OUTPUT(SmartHome.elf elf32-avr)
LOAD linker stubs

.debug_ranges   0x00000000       0x50
 .debug_ranges  0x00000000       0x50 c:/winavr-20100110/bin/../lib/gcc/avr/4.3.3/avr5\libgcc.a(_mul_sf.o)
